VAR CONST_101=101
VAR CONST_108=108
VAR CONST_111=111
VAR CONST_1743392201=1743392201
VAR CONST_3486784398=3486784398
VAR CONST_3486784399=3486784399
VAR CONST_72=72
VAR STACK_TOP=3486784381
PROTO MAIN
DEF MAIN
  VAR RETURN_VALUE=0
  ROT CON2
  OPR CONST_72
  ROT CON2
  OPR CONST_72
  OUTPUT
  ROT CON2
  OPR CONST_101
  ROT CON2
  OPR CONST_101
  OUTPUT
  ROT CON2
  OPR CONST_108
  ROT CON2
  OPR CONST_108
  OUTPUT
  ROT CON2
  OPR CONST_108
  ROT CON2
  OPR CONST_108
  OUTPUT
  ROT CON2
  OPR CONST_111
  ROT CON2
  OPR CONST_111
  OUTPUT
END
