VAR CONST_0=0
VAR CONST_1=1
VAR CONST_1743392201=1743392201
VAR CONST_20=20
VAR CONST_3=3
VAR CONST_3486784398=3486784398
VAR CONST_3486784399=3486784399
VAR CONST_7=7
VAR CONST_78=78
VAR CONST_89=89
VAR STACK_TOP=3486784381
VAR TEMP0=0
VAR TEMP1=0
VAR TEMP2=0
VAR TEMP3=0
VAR TEMP4=0
VAR u_a=0
VAR u_b=0
VAR u_c=0
FLAG TEMP_FLAG0 = FALSE
PROTO MAIN
DEF MAIN
  VAR RETURN_VALUE=0
  VAR u_zzt0=0
  SET TEMP_FLAG0
  ROT CON2
  OPR STACK_TOP
  OPR CONST_0
  OPR CONST_3486784398
  OPR STACK_TOP
  OPR CONST_0
  OPR CONST_3486784398
  SWITCH CONST_3486784398
    CASE0
      RESET TEMP_FLAG0
    CASE1
    CASE2
  END
  ROT CON1
  OPR CONST_0
  ROT STACK_TOP
  REPEAT 19
    IF TEMP_FLAG0
      ROT CON2
      OPR STACK_TOP
      ROT CON2
      OPR STACK_TOP
      OPR CONST_0
      OPR CONST_3486784398
      OPR STACK_TOP
      ROT CON2
      OPR STACK_TOP
      SWITCH CONST_3486784398
        CASE0
        CASE1
          RESET TEMP_FLAG0
        CASE2
      END
    ELSE
    END
    ROT CON1
    OPR CONST_0
    ROT STACK_TOP
  END
  ROT CON1
  OPR CONST_3486784398
  ROT CON1
  OPR TEMP3
  OPR TEMP3
  IND_OPR STACK_TOP
  IND_OPR STACK_TOP
  ROT CON2
  OPR u_zzt0
  ROT CON2
  OPR u_zzt0
  OPR TEMP3
  IND_OPR STACK_TOP
  ROT CON1
  OPR TEMP0
  OPR TEMP0
  OPR u_zzt0
  OPR u_zzt0
  ROT CON2
  OPR CONST_0
  ROT CON2
  OPR CONST_0
  OPR TEMP0
  OPR u_zzt0
  ROT CON1
  OPR TEMP0
  OPR TEMP0
  OPR u_a
  OPR u_a
  ROT CON2
  OPR CONST_3
  ROT CON2
  OPR CONST_3
  OPR TEMP0
  OPR u_a
  ROT CON1
  OPR TEMP0
  OPR TEMP0
  OPR u_b
  OPR u_b
  ROT CON2
  OPR CONST_7
  ROT CON2
  OPR CONST_7
  OPR TEMP0
  OPR u_b
  ROT CON1
  OPR TEMP0
  OPR TEMP0
  OPR u_c
  OPR u_c
  ROT CON2
  OPR CONST_20
  ROT CON2
  OPR CONST_20
  OPR TEMP0
  OPR u_c
  ROT CON1
  OPR TEMP0
  OPR TEMP0
  OPR u_zzt0
  OPR u_zzt0
  ROT CON2
  OPR CONST_0
  ROT CON2
  OPR CONST_0
  OPR TEMP0
  OPR u_zzt0
  ROT CON1
  OPR TEMP1
  OPR TEMP1
  OPR TEMP0
  OPR TEMP0
  ROT CON2
  OPR u_a
  ROT CON2
  OPR u_a
  OPR TEMP1
  OPR TEMP0
  ROT CON1
  OPR TEMP2
  OPR TEMP2
  OPR TEMP1
  OPR TEMP1
  ROT CON2
  OPR u_b
  ROT CON2
  OPR u_b
  OPR TEMP2
  OPR TEMP1
  ROT CON1
  OPR TEMP2
  OPR TEMP2
  ROT CON2
  OPR TEMP2
  ROT CON2
  OPR TEMP0
  OPR TEMP2
  OPR TEMP0
  OPR TEMP2
  OPR TEMP1
  ROT CON2
  OPR TEMP1
  OPR TEMP0
  ROT CON2
  OPR TEMP1
  OPR TEMP0
  ROT CON1
  OPR TEMP1
  OPR TEMP1
  ROT CON0
  OPR CONST_3486784399
  OPR TEMP1
  REPEAT 20
    ROT CON1
    OPR TEMP3
    OPR TEMP3
    OPR TEMP2
    OPR TEMP2
    ROT CON2
    OPR TEMP0
    ROT CON2
    OPR TEMP0
    OPR TEMP3
    OPR TEMP2
    ROT CON2
    OPR TEMP2
    OPR TEMP1
    OPR TEMP2
    OPR TEMP1
    OPR TEMP2
    OPR TEMP1
    ROT TEMP0
  END
  SWITCH TEMP1
    CASE0
    CASE1
      ROT CON1
      OPR TEMP0
      OPR TEMP0
      OPR TEMP3
      OPR TEMP3
      ROT CON2
      OPR u_b
      ROT CON2
      OPR u_b
      OPR TEMP0
      OPR TEMP3
      ROT CON1
      OPR TEMP0
      OPR TEMP0
      OPR TEMP2
      OPR TEMP2
      ROT CON2
      OPR u_c
      ROT CON2
      OPR u_c
      OPR TEMP0
      OPR TEMP2
      ROT CON1
      OPR TEMP0
      OPR TEMP0
      ROT CON2
      OPR TEMP0
      ROT CON2
      OPR TEMP3
      OPR TEMP0
      OPR TEMP3
      OPR TEMP0
      OPR TEMP2
      ROT CON2
      OPR TEMP2
      OPR TEMP3
      ROT CON2
      OPR TEMP2
      OPR TEMP3
      ROT CON1
      OPR TEMP2
      OPR TEMP2
      ROT CON0
      OPR CONST_3486784399
      OPR TEMP2
      REPEAT 20
        ROT CON1
        OPR TEMP4
        OPR TEMP4
        OPR TEMP0
        OPR TEMP0
        ROT CON2
        OPR TEMP3
        ROT CON2
        OPR TEMP3
        OPR TEMP4
        OPR TEMP0
        ROT CON2
        OPR TEMP0
        OPR TEMP2
        OPR TEMP0
        OPR TEMP2
        OPR TEMP0
        OPR TEMP2
        ROT TEMP3
      END
      SWITCH TEMP2
        CASE0
        CASE1
          ROT CON1
          OPR TEMP4
          OPR TEMP4
          OPR u_zzt0
          OPR u_zzt0
          ROT CON2
          OPR CONST_1
          ROT CON2
          OPR CONST_1
          OPR TEMP4
          OPR u_zzt0
        CASE2
      END
    CASE2
  END
  ROT CON1
  OPR TEMP0
  OPR TEMP0
  OPR TEMP3
  OPR TEMP3
  ROT CON2
  OPR u_zzt0
  ROT CON2
  OPR u_zzt0
  OPR TEMP0
  OPR TEMP3
  ROT CON1
  OPR TEMP0
  OPR TEMP0
  OPR TEMP4
  OPR TEMP4
  ROT CON2
  OPR CONST_0
  ROT CON2
  OPR CONST_0
  OPR TEMP0
  OPR TEMP4
  ROT CON1
  OPR TEMP0
  OPR TEMP0
  ROT CON2
  OPR TEMP0
  ROT CON2
  OPR TEMP3
  OPR TEMP0
  OPR TEMP3
  OPR TEMP0
  OPR TEMP4
  OPR TEMP3
  OPR TEMP3
  ROT CON1
  OPR TEMP4
  OPR TEMP4
  ROT CON2
  OPR TEMP4
  ROT CON0
  OPR CONST_1743392201
  OPR TEMP4
  REPEAT 20
    ROT CON2
    OPR TEMP3
    ROT CON2
    OPR TEMP3
    OPR TEMP4
    ROT TEMP3
    SWITCH TEMP4
      CASE0
        BREAK
      CASE1
      CASE2
    END
  END
  ROT CON1
  OPR TEMP0
  OPR TEMP0
  ROT CON2
  OPR TEMP4
  ROT CON2
  OPR TEMP4
  OPR TEMP0
  SWITCH TEMP0
    CASE0
      ROT CON2
      OPR CONST_78
      ROT CON2
      OPR CONST_78
      OUTPUT
    CASE1
      ROT CON2
      OPR CONST_89
      ROT CON2
      OPR CONST_89
      OUTPUT
    CASE2
  END
END
