VAR CONST_0=0
VAR CONST_1=1
VAR CONST_10=10
VAR CONST_1743392201=1743392201
VAR CONST_3486784398=3486784398
VAR CONST_3486784399=3486784399
VAR STACK_TOP=3486784381
VAR TEMP0=0
VAR TEMP1=0
VAR TEMP10=0
VAR TEMP11=0
VAR TEMP12=0
VAR TEMP13=0
VAR TEMP14=0
VAR TEMP15=0
VAR TEMP16=0
VAR TEMP17=0
VAR TEMP18=0
VAR TEMP19=0
VAR TEMP2=0
VAR TEMP20=0
VAR TEMP3=0
VAR TEMP4=0
VAR TEMP5=0
VAR TEMP6=0
VAR TEMP7=0
VAR TEMP8=0
VAR TEMP9=0
VAR u_c=0
FLAG TEMP_FLAG0 = FALSE
PROTO MAIN
DEF MAIN
  VAR RETURN_VALUE=0
  VAR u_zzt0=0
  VAR u_zzt1=0
  VAR u_zzt2=0
  VAR u_zzt3=0
  VAR u_zzt4=0
  VAR u_zzt5=0
  VAR u_zzt6=0
  SET TEMP_FLAG0
  ROT CON2
  OPR STACK_TOP
  OPR CONST_0
  OPR CONST_3486784398
  OPR STACK_TOP
  OPR CONST_0
  OPR CONST_3486784398
  SWITCH CONST_3486784398
    CASE0
      RESET TEMP_FLAG0
    CASE1
    CASE2
  END
  ROT CON1
  OPR CONST_0
  ROT STACK_TOP
  REPEAT 19
    IF TEMP_FLAG0
      ROT CON2
      OPR STACK_TOP
      ROT CON2
      OPR STACK_TOP
      OPR CONST_0
      OPR CONST_3486784398
      OPR STACK_TOP
      ROT CON2
      OPR STACK_TOP
      SWITCH CONST_3486784398
        CASE0
        CASE1
          RESET TEMP_FLAG0
        CASE2
      END
    ELSE
    END
    ROT CON1
    OPR CONST_0
    ROT STACK_TOP
  END
  ROT CON1
  OPR CONST_3486784398
  ROT CON1
  OPR TEMP12
  OPR TEMP12
  IND_OPR STACK_TOP
  IND_OPR STACK_TOP
  ROT CON2
  OPR u_zzt0
  ROT CON2
  OPR u_zzt0
  OPR TEMP12
  IND_OPR STACK_TOP
  SET TEMP_FLAG0
  ROT CON2
  OPR STACK_TOP
  OPR CONST_0
  OPR CONST_3486784398
  OPR STACK_TOP
  OPR CONST_0
  OPR CONST_3486784398
  SWITCH CONST_3486784398
    CASE0
      RESET TEMP_FLAG0
    CASE1
    CASE2
  END
  ROT CON1
  OPR CONST_0
  ROT STACK_TOP
  REPEAT 19
    IF TEMP_FLAG0
      ROT CON2
      OPR STACK_TOP
      ROT CON2
      OPR STACK_TOP
      OPR CONST_0
      OPR CONST_3486784398
      OPR STACK_TOP
      ROT CON2
      OPR STACK_TOP
      SWITCH CONST_3486784398
        CASE0
        CASE1
          RESET TEMP_FLAG0
        CASE2
      END
    ELSE
    END
    ROT CON1
    OPR CONST_0
    ROT STACK_TOP
  END
  ROT CON1
  OPR CONST_3486784398
  ROT CON1
  OPR TEMP12
  OPR TEMP12
  IND_OPR STACK_TOP
  IND_OPR STACK_TOP
  ROT CON2
  OPR u_zzt1
  ROT CON2
  OPR u_zzt1
  OPR TEMP12
  IND_OPR STACK_TOP
  SET TEMP_FLAG0
  ROT CON2
  OPR STACK_TOP
  OPR CONST_0
  OPR CONST_3486784398
  OPR STACK_TOP
  OPR CONST_0
  OPR CONST_3486784398
  SWITCH CONST_3486784398
    CASE0
      RESET TEMP_FLAG0
    CASE1
    CASE2
  END
  ROT CON1
  OPR CONST_0
  ROT STACK_TOP
  REPEAT 19
    IF TEMP_FLAG0
      ROT CON2
      OPR STACK_TOP
      ROT CON2
      OPR STACK_TOP
      OPR CONST_0
      OPR CONST_3486784398
      OPR STACK_TOP
      ROT CON2
      OPR STACK_TOP
      SWITCH CONST_3486784398
        CASE0
        CASE1
          RESET TEMP_FLAG0
        CASE2
      END
    ELSE
    END
    ROT CON1
    OPR CONST_0
    ROT STACK_TOP
  END
  ROT CON1
  OPR CONST_3486784398
  ROT CON1
  OPR TEMP12
  OPR TEMP12
  IND_OPR STACK_TOP
  IND_OPR STACK_TOP
  ROT CON2
  OPR u_zzt2
  ROT CON2
  OPR u_zzt2
  OPR TEMP12
  IND_OPR STACK_TOP
  SET TEMP_FLAG0
  ROT CON2
  OPR STACK_TOP
  OPR CONST_0
  OPR CONST_3486784398
  OPR STACK_TOP
  OPR CONST_0
  OPR CONST_3486784398
  SWITCH CONST_3486784398
    CASE0
      RESET TEMP_FLAG0
    CASE1
    CASE2
  END
  ROT CON1
  OPR CONST_0
  ROT STACK_TOP
  REPEAT 19
    IF TEMP_FLAG0
      ROT CON2
      OPR STACK_TOP
      ROT CON2
      OPR STACK_TOP
      OPR CONST_0
      OPR CONST_3486784398
      OPR STACK_TOP
      ROT CON2
      OPR STACK_TOP
      SWITCH CONST_3486784398
        CASE0
        CASE1
          RESET TEMP_FLAG0
        CASE2
      END
    ELSE
    END
    ROT CON1
    OPR CONST_0
    ROT STACK_TOP
  END
  ROT CON1
  OPR CONST_3486784398
  ROT CON1
  OPR TEMP12
  OPR TEMP12
  IND_OPR STACK_TOP
  IND_OPR STACK_TOP
  ROT CON2
  OPR u_zzt3
  ROT CON2
  OPR u_zzt3
  OPR TEMP12
  IND_OPR STACK_TOP
  SET TEMP_FLAG0
  ROT CON2
  OPR STACK_TOP
  OPR CONST_0
  OPR CONST_3486784398
  OPR STACK_TOP
  OPR CONST_0
  OPR CONST_3486784398
  SWITCH CONST_3486784398
    CASE0
      RESET TEMP_FLAG0
    CASE1
    CASE2
  END
  ROT CON1
  OPR CONST_0
  ROT STACK_TOP
  REPEAT 19
    IF TEMP_FLAG0
      ROT CON2
      OPR STACK_TOP
      ROT CON2
      OPR STACK_TOP
      OPR CONST_0
      OPR CONST_3486784398
      OPR STACK_TOP
      ROT CON2
      OPR STACK_TOP
      SWITCH CONST_3486784398
        CASE0
        CASE1
          RESET TEMP_FLAG0
        CASE2
      END
    ELSE
    END
    ROT CON1
    OPR CONST_0
    ROT STACK_TOP
  END
  ROT CON1
  OPR CONST_3486784398
  ROT CON1
  OPR TEMP12
  OPR TEMP12
  IND_OPR STACK_TOP
  IND_OPR STACK_TOP
  ROT CON2
  OPR u_zzt4
  ROT CON2
  OPR u_zzt4
  OPR TEMP12
  IND_OPR STACK_TOP
  SET TEMP_FLAG0
  ROT CON2
  OPR STACK_TOP
  OPR CONST_0
  OPR CONST_3486784398
  OPR STACK_TOP
  OPR CONST_0
  OPR CONST_3486784398
  SWITCH CONST_3486784398
    CASE0
      RESET TEMP_FLAG0
    CASE1
    CASE2
  END
  ROT CON1
  OPR CONST_0
  ROT STACK_TOP
  REPEAT 19
    IF TEMP_FLAG0
      ROT CON2
      OPR STACK_TOP
      ROT CON2
      OPR STACK_TOP
      OPR CONST_0
      OPR CONST_3486784398
      OPR STACK_TOP
      ROT CON2
      OPR STACK_TOP
      SWITCH CONST_3486784398
        CASE0
        CASE1
          RESET TEMP_FLAG0
        CASE2
      END
    ELSE
    END
    ROT CON1
    OPR CONST_0
    ROT STACK_TOP
  END
  ROT CON1
  OPR CONST_3486784398
  ROT CON1
  OPR TEMP12
  OPR TEMP12
  IND_OPR STACK_TOP
  IND_OPR STACK_TOP
  ROT CON2
  OPR u_zzt5
  ROT CON2
  OPR u_zzt5
  OPR TEMP12
  IND_OPR STACK_TOP
  SET TEMP_FLAG0
  ROT CON2
  OPR STACK_TOP
  OPR CONST_0
  OPR CONST_3486784398
  OPR STACK_TOP
  OPR CONST_0
  OPR CONST_3486784398
  SWITCH CONST_3486784398
    CASE0
      RESET TEMP_FLAG0
    CASE1
    CASE2
  END
  ROT CON1
  OPR CONST_0
  ROT STACK_TOP
  REPEAT 19
    IF TEMP_FLAG0
      ROT CON2
      OPR STACK_TOP
      ROT CON2
      OPR STACK_TOP
      OPR CONST_0
      OPR CONST_3486784398
      OPR STACK_TOP
      ROT CON2
      OPR STACK_TOP
      SWITCH CONST_3486784398
        CASE0
        CASE1
          RESET TEMP_FLAG0
        CASE2
      END
    ELSE
    END
    ROT CON1
    OPR CONST_0
    ROT STACK_TOP
  END
  ROT CON1
  OPR CONST_3486784398
  ROT CON1
  OPR TEMP12
  OPR TEMP12
  IND_OPR STACK_TOP
  IND_OPR STACK_TOP
  ROT CON2
  OPR u_zzt6
  ROT CON2
  OPR u_zzt6
  OPR TEMP12
  IND_OPR STACK_TOP
  ROT CON1
  OPR TEMP0
  OPR TEMP0
  OPR u_zzt0
  OPR u_zzt0
  ROT CON2
  OPR CONST_0
  ROT CON2
  OPR CONST_0
  OPR TEMP0
  OPR u_zzt0
  ROT CON1
  OPR TEMP0
  OPR TEMP0
  OPR u_zzt1
  OPR u_zzt1
  ROT CON2
  OPR CONST_0
  ROT CON2
  OPR CONST_0
  OPR TEMP0
  OPR u_zzt1
  ROT CON1
  OPR TEMP0
  OPR TEMP0
  OPR u_zzt2
  OPR u_zzt2
  ROT CON2
  OPR CONST_0
  ROT CON2
  OPR CONST_0
  OPR TEMP0
  OPR u_zzt2
  ROT CON1
  OPR TEMP0
  OPR TEMP0
  OPR u_zzt3
  OPR u_zzt3
  ROT CON2
  OPR CONST_0
  ROT CON2
  OPR CONST_0
  OPR TEMP0
  OPR u_zzt3
  ROT CON1
  OPR TEMP0
  OPR TEMP0
  OPR u_zzt4
  OPR u_zzt4
  ROT CON2
  OPR CONST_0
  ROT CON2
  OPR CONST_0
  OPR TEMP0
  OPR u_zzt4
  ROT CON1
  OPR TEMP0
  OPR TEMP0
  OPR u_zzt5
  OPR u_zzt5
  ROT CON2
  OPR CONST_0
  ROT CON2
  OPR CONST_0
  OPR TEMP0
  OPR u_zzt5
  ROT CON1
  OPR TEMP0
  OPR TEMP0
  OPR u_zzt6
  OPR u_zzt6
  ROT CON2
  OPR CONST_0
  ROT CON2
  OPR CONST_0
  OPR TEMP0
  OPR u_zzt6
  ROT CON1
  OPR TEMP1
  OPR TEMP1
  OPR TEMP0
  OPR TEMP0
  INPUT
  OPR TEMP1
  OPR TEMP0
  ROT CON1
  OPR TEMP1
  OPR TEMP1
  OPR u_zzt0
  OPR u_zzt0
  ROT CON2
  OPR TEMP0
  ROT CON2
  OPR TEMP0
  OPR TEMP1
  OPR u_zzt0
  ROT CON1
  OPR TEMP1
  OPR TEMP1
  OPR u_c
  OPR u_c
  ROT CON2
  OPR u_zzt0
  ROT CON2
  OPR u_zzt0
  OPR TEMP1
  OPR u_c
  ROT CON1
  OPR TEMP1
  OPR TEMP1
  OPR u_zzt1
  OPR u_zzt1
  ROT CON2
  OPR CONST_0
  ROT CON2
  OPR CONST_0
  OPR TEMP1
  OPR u_zzt1
  ROT CON1
  OPR TEMP1
  OPR TEMP1
  OPR u_zzt2
  OPR u_zzt2
  ROT CON2
  OPR CONST_0
  ROT CON2
  OPR CONST_0
  OPR TEMP1
  OPR u_zzt2
  ROT CON1
  OPR TEMP2
  OPR TEMP2
  OPR TEMP1
  OPR TEMP1
  ROT CON2
  OPR u_c
  ROT CON2
  OPR u_c
  OPR TEMP2
  OPR TEMP1
  ROT CON1
  OPR TEMP3
  OPR TEMP3
  OPR TEMP2
  OPR TEMP2
  ROT CON2
  OPR CONST_0
  ROT CON2
  OPR CONST_0
  OPR TEMP3
  OPR TEMP2
  ROT CON1
  OPR TEMP3
  OPR TEMP3
  ROT CON2
  OPR TEMP3
  ROT CON2
  OPR TEMP1
  OPR TEMP3
  OPR TEMP1
  OPR TEMP3
  OPR TEMP2
  OPR TEMP1
  OPR TEMP1
  ROT CON1
  OPR TEMP2
  OPR TEMP2
  ROT CON2
  OPR TEMP2
  ROT CON0
  OPR CONST_1743392201
  OPR TEMP2
  REPEAT 20
    ROT CON2
    OPR TEMP1
    ROT CON2
    OPR TEMP1
    OPR TEMP2
    ROT TEMP1
    SWITCH TEMP2
      CASE0
        BREAK
      CASE1
      CASE2
    END
  END
  ROT CON1
  OPR TEMP3
  OPR TEMP3
  ROT CON2
  OPR TEMP2
  ROT CON2
  OPR TEMP2
  OPR TEMP3
  SWITCH TEMP3
    CASE0
    CASE1
      ROT CON1
      OPR TEMP1
      OPR TEMP1
      OPR u_zzt2
      OPR u_zzt2
      ROT CON2
      OPR CONST_1
      ROT CON2
      OPR CONST_1
      OPR TEMP1
      OPR u_zzt2
    CASE2
  END
  ROT CON1
  OPR TEMP4
  OPR TEMP4
  OPR TEMP1
  OPR TEMP1
  ROT CON2
  OPR u_zzt2
  ROT CON2
  OPR u_zzt2
  OPR TEMP4
  OPR TEMP1
  ROT CON1
  OPR TEMP5
  OPR TEMP5
  OPR TEMP4
  OPR TEMP4
  ROT CON2
  OPR CONST_0
  ROT CON2
  OPR CONST_0
  OPR TEMP5
  OPR TEMP4
  ROT CON1
  OPR TEMP5
  OPR TEMP5
  ROT CON2
  OPR TEMP5
  ROT CON2
  OPR TEMP1
  OPR TEMP5
  OPR TEMP1
  OPR TEMP5
  OPR TEMP4
  OPR TEMP1
  OPR TEMP1
  ROT CON1
  OPR TEMP4
  OPR TEMP4
  ROT CON2
  OPR TEMP4
  ROT CON0
  OPR CONST_1743392201
  OPR TEMP4
  REPEAT 20
    ROT CON2
    OPR TEMP1
    ROT CON2
    OPR TEMP1
    OPR TEMP4
    ROT TEMP1
    SWITCH TEMP4
      CASE0
        BREAK
      CASE1
      CASE2
    END
  END
  ROT CON1
  OPR TEMP5
  OPR TEMP5
  ROT CON2
  OPR TEMP4
  ROT CON2
  OPR TEMP4
  OPR TEMP5
  SWITCH TEMP5
    CASE0
    CASE1
      ROT CON1
      OPR TEMP1
      OPR TEMP1
      OPR u_zzt3
      OPR u_zzt3
      ROT CON2
      OPR CONST_0
      ROT CON2
      OPR CONST_0
      OPR TEMP1
      OPR u_zzt3
      ROT CON1
      OPR TEMP6
      OPR TEMP6
      OPR TEMP1
      OPR TEMP1
      ROT CON2
      OPR u_c
      ROT CON2
      OPR u_c
      OPR TEMP6
      OPR TEMP1
      ROT CON1
      OPR TEMP7
      OPR TEMP7
      OPR TEMP6
      OPR TEMP6
      ROT CON2
      OPR CONST_10
      ROT CON2
      OPR CONST_10
      OPR TEMP7
      OPR TEMP6
      ROT CON1
      OPR TEMP7
      OPR TEMP7
      ROT CON2
      OPR TEMP7
      ROT CON2
      OPR TEMP1
      OPR TEMP7
      OPR TEMP1
      OPR TEMP7
      OPR TEMP6
      OPR TEMP1
      OPR TEMP1
      ROT CON1
      OPR TEMP6
      OPR TEMP6
      ROT CON2
      OPR TEMP6
      ROT CON0
      OPR CONST_1743392201
      OPR TEMP6
      REPEAT 20
        ROT CON2
        OPR TEMP1
        ROT CON2
        OPR TEMP1
        OPR TEMP6
        ROT TEMP1
        SWITCH TEMP6
          CASE0
            BREAK
          CASE1
          CASE2
        END
      END
      ROT CON1
      OPR TEMP7
      OPR TEMP7
      ROT CON2
      OPR TEMP6
      ROT CON2
      OPR TEMP6
      OPR TEMP7
      SWITCH TEMP7
        CASE0
        CASE1
          ROT CON1
          OPR TEMP1
          OPR TEMP1
          OPR u_zzt3
          OPR u_zzt3
          ROT CON2
          OPR CONST_1
          ROT CON2
          OPR CONST_1
          OPR TEMP1
          OPR u_zzt3
        CASE2
      END
      ROT CON1
      OPR TEMP8
      OPR TEMP8
      OPR TEMP1
      OPR TEMP1
      ROT CON2
      OPR u_zzt3
      ROT CON2
      OPR u_zzt3
      OPR TEMP8
      OPR TEMP1
      ROT CON1
      OPR TEMP9
      OPR TEMP9
      OPR TEMP8
      OPR TEMP8
      ROT CON2
      OPR CONST_0
      ROT CON2
      OPR CONST_0
      OPR TEMP9
      OPR TEMP8
      ROT CON1
      OPR TEMP9
      OPR TEMP9
      ROT CON2
      OPR TEMP9
      ROT CON2
      OPR TEMP1
      OPR TEMP9
      OPR TEMP1
      OPR TEMP9
      OPR TEMP8
      OPR TEMP1
      OPR TEMP1
      ROT CON1
      OPR TEMP8
      OPR TEMP8
      ROT CON2
      OPR TEMP8
      ROT CON0
      OPR CONST_1743392201
      OPR TEMP8
      REPEAT 20
        ROT CON2
        OPR TEMP1
        ROT CON2
        OPR TEMP1
        OPR TEMP8
        ROT TEMP1
        SWITCH TEMP8
          CASE0
            BREAK
          CASE1
          CASE2
        END
      END
      ROT CON1
      OPR TEMP9
      OPR TEMP9
      ROT CON2
      OPR TEMP8
      ROT CON2
      OPR TEMP8
      OPR TEMP9
      SWITCH TEMP9
        CASE0
        CASE1
          ROT CON1
          OPR TEMP1
          OPR TEMP1
          OPR u_zzt1
          OPR u_zzt1
          ROT CON2
          OPR CONST_1
          ROT CON2
          OPR CONST_1
          OPR TEMP1
          OPR u_zzt1
        CASE2
      END
    CASE2
  END
  REPEAT INF
    ROT CON1
    OPR TEMP10
    OPR TEMP10
    OPR TEMP1
    OPR TEMP1
    ROT CON2
    OPR u_zzt1
    ROT CON2
    OPR u_zzt1
    OPR TEMP10
    OPR TEMP1
    ROT CON1
    OPR TEMP11
    OPR TEMP11
    OPR TEMP10
    OPR TEMP10
    ROT CON2
    OPR CONST_0
    ROT CON2
    OPR CONST_0
    OPR TEMP11
    OPR TEMP10
    ROT CON1
    OPR TEMP11
    OPR TEMP11
    ROT CON2
    OPR TEMP11
    ROT CON2
    OPR TEMP1
    OPR TEMP11
    OPR TEMP1
    OPR TEMP11
    OPR TEMP10
    OPR TEMP1
    OPR TEMP1
    ROT CON1
    OPR TEMP10
    OPR TEMP10
    ROT CON2
    OPR TEMP10
    ROT CON0
    OPR CONST_1743392201
    OPR TEMP10
    REPEAT 20
      ROT CON2
      OPR TEMP1
      ROT CON2
      OPR TEMP1
      OPR TEMP10
      ROT TEMP1
      SWITCH TEMP10
        CASE0
          BREAK
        CASE1
        CASE2
      END
    END
    ROT CON1
    OPR TEMP11
    OPR TEMP11
    ROT CON2
    OPR TEMP10
    ROT CON2
    OPR TEMP10
    OPR TEMP11
    SWITCH TEMP11
      CASE0
        BREAK
      CASE1
        ROT CON2
        OPR u_c
        ROT CON2
        OPR u_c
        OUTPUT
        ROT CON1
        OPR TEMP12
        OPR TEMP12
        OPR TEMP1
        OPR TEMP1
        INPUT
        OPR TEMP12
        OPR TEMP1
        ROT CON1
        OPR TEMP12
        OPR TEMP12
        OPR u_zzt4
        OPR u_zzt4
        ROT CON2
        OPR TEMP1
        ROT CON2
        OPR TEMP1
        OPR TEMP12
        OPR u_zzt4
        ROT CON1
        OPR TEMP12
        OPR TEMP12
        OPR u_c
        OPR u_c
        ROT CON2
        OPR u_zzt4
        ROT CON2
        OPR u_zzt4
        OPR TEMP12
        OPR u_c
        ROT CON1
        OPR TEMP12
        OPR TEMP12
        OPR u_zzt1
        OPR u_zzt1
        ROT CON2
        OPR CONST_0
        ROT CON2
        OPR CONST_0
        OPR TEMP12
        OPR u_zzt1
        ROT CON1
        OPR TEMP12
        OPR TEMP12
        OPR u_zzt5
        OPR u_zzt5
        ROT CON2
        OPR CONST_0
        ROT CON2
        OPR CONST_0
        OPR TEMP12
        OPR u_zzt5
        ROT CON1
        OPR TEMP13
        OPR TEMP13
        OPR TEMP12
        OPR TEMP12
        ROT CON2
        OPR u_c
        ROT CON2
        OPR u_c
        OPR TEMP13
        OPR TEMP12
        ROT CON1
        OPR TEMP14
        OPR TEMP14
        OPR TEMP13
        OPR TEMP13
        ROT CON2
        OPR CONST_0
        ROT CON2
        OPR CONST_0
        OPR TEMP14
        OPR TEMP13
        ROT CON1
        OPR TEMP14
        OPR TEMP14
        ROT CON2
        OPR TEMP14
        ROT CON2
        OPR TEMP12
        OPR TEMP14
        OPR TEMP12
        OPR TEMP14
        OPR TEMP13
        OPR TEMP12
        OPR TEMP12
        ROT CON1
        OPR TEMP13
        OPR TEMP13
        ROT CON2
        OPR TEMP13
        ROT CON0
        OPR CONST_1743392201
        OPR TEMP13
        REPEAT 20
          ROT CON2
          OPR TEMP12
          ROT CON2
          OPR TEMP12
          OPR TEMP13
          ROT TEMP12
          SWITCH TEMP13
            CASE0
              BREAK
            CASE1
            CASE2
          END
        END
        ROT CON1
        OPR TEMP14
        OPR TEMP14
        ROT CON2
        OPR TEMP13
        ROT CON2
        OPR TEMP13
        OPR TEMP14
        SWITCH TEMP14
          CASE0
          CASE1
            ROT CON1
            OPR TEMP12
            OPR TEMP12
            OPR u_zzt5
            OPR u_zzt5
            ROT CON2
            OPR CONST_1
            ROT CON2
            OPR CONST_1
            OPR TEMP12
            OPR u_zzt5
          CASE2
        END
        ROT CON1
        OPR TEMP15
        OPR TEMP15
        OPR TEMP12
        OPR TEMP12
        ROT CON2
        OPR u_zzt5
        ROT CON2
        OPR u_zzt5
        OPR TEMP15
        OPR TEMP12
        ROT CON1
        OPR TEMP16
        OPR TEMP16
        OPR TEMP15
        OPR TEMP15
        ROT CON2
        OPR CONST_0
        ROT CON2
        OPR CONST_0
        OPR TEMP16
        OPR TEMP15
        ROT CON1
        OPR TEMP16
        OPR TEMP16
        ROT CON2
        OPR TEMP16
        ROT CON2
        OPR TEMP12
        OPR TEMP16
        OPR TEMP12
        OPR TEMP16
        OPR TEMP15
        OPR TEMP12
        OPR TEMP12
        ROT CON1
        OPR TEMP15
        OPR TEMP15
        ROT CON2
        OPR TEMP15
        ROT CON0
        OPR CONST_1743392201
        OPR TEMP15
        REPEAT 20
          ROT CON2
          OPR TEMP12
          ROT CON2
          OPR TEMP12
          OPR TEMP15
          ROT TEMP12
          SWITCH TEMP15
            CASE0
              BREAK
            CASE1
            CASE2
          END
        END
        ROT CON1
        OPR TEMP16
        OPR TEMP16
        ROT CON2
        OPR TEMP15
        ROT CON2
        OPR TEMP15
        OPR TEMP16
        SWITCH TEMP16
          CASE0
          CASE1
            ROT CON1
            OPR TEMP12
            OPR TEMP12
            OPR u_zzt6
            OPR u_zzt6
            ROT CON2
            OPR CONST_0
            ROT CON2
            OPR CONST_0
            OPR TEMP12
            OPR u_zzt6
            ROT CON1
            OPR TEMP17
            OPR TEMP17
            OPR TEMP12
            OPR TEMP12
            ROT CON2
            OPR u_c
            ROT CON2
            OPR u_c
            OPR TEMP17
            OPR TEMP12
            ROT CON1
            OPR TEMP18
            OPR TEMP18
            OPR TEMP17
            OPR TEMP17
            ROT CON2
            OPR CONST_10
            ROT CON2
            OPR CONST_10
            OPR TEMP18
            OPR TEMP17
            ROT CON1
            OPR TEMP18
            OPR TEMP18
            ROT CON2
            OPR TEMP18
            ROT CON2
            OPR TEMP12
            OPR TEMP18
            OPR TEMP12
            OPR TEMP18
            OPR TEMP17
            OPR TEMP12
            OPR TEMP12
            ROT CON1
            OPR TEMP17
            OPR TEMP17
            ROT CON2
            OPR TEMP17
            ROT CON0
            OPR CONST_1743392201
            OPR TEMP17
            REPEAT 20
              ROT CON2
              OPR TEMP12
              ROT CON2
              OPR TEMP12
              OPR TEMP17
              ROT TEMP12
              SWITCH TEMP17
                CASE0
                  BREAK
                CASE1
                CASE2
              END
            END
            ROT CON1
            OPR TEMP18
            OPR TEMP18
            ROT CON2
            OPR TEMP17
            ROT CON2
            OPR TEMP17
            OPR TEMP18
            SWITCH TEMP18
              CASE0
              CASE1
                ROT CON1
                OPR TEMP12
                OPR TEMP12
                OPR u_zzt6
                OPR u_zzt6
                ROT CON2
                OPR CONST_1
                ROT CON2
                OPR CONST_1
                OPR TEMP12
                OPR u_zzt6
              CASE2
            END
            ROT CON1
            OPR TEMP19
            OPR TEMP19
            OPR TEMP12
            OPR TEMP12
            ROT CON2
            OPR u_zzt6
            ROT CON2
            OPR u_zzt6
            OPR TEMP19
            OPR TEMP12
            ROT CON1
            OPR TEMP20
            OPR TEMP20
            OPR TEMP19
            OPR TEMP19
            ROT CON2
            OPR CONST_0
            ROT CON2
            OPR CONST_0
            OPR TEMP20
            OPR TEMP19
            ROT CON1
            OPR TEMP20
            OPR TEMP20
            ROT CON2
            OPR TEMP20
            ROT CON2
            OPR TEMP12
            OPR TEMP20
            OPR TEMP12
            OPR TEMP20
            OPR TEMP19
            OPR TEMP12
            OPR TEMP12
            ROT CON1
            OPR TEMP19
            OPR TEMP19
            ROT CON2
            OPR TEMP19
            ROT CON0
            OPR CONST_1743392201
            OPR TEMP19
            REPEAT 20
              ROT CON2
              OPR TEMP12
              ROT CON2
              OPR TEMP12
              OPR TEMP19
              ROT TEMP12
              SWITCH TEMP19
                CASE0
                  BREAK
                CASE1
                CASE2
              END
            END
            ROT CON1
            OPR TEMP20
            OPR TEMP20
            ROT CON2
            OPR TEMP19
            ROT CON2
            OPR TEMP19
            OPR TEMP20
            SWITCH TEMP20
              CASE0
              CASE1
                ROT CON1
                OPR TEMP12
                OPR TEMP12
                OPR u_zzt1
                OPR u_zzt1
                ROT CON2
                OPR CONST_1
                ROT CON2
                OPR CONST_1
                OPR TEMP12
                OPR u_zzt1
              CASE2
            END
          CASE2
        END
      CASE2
    END
  END
END
